---
source: tests/test_settings.rs
description: The snapshot are three integers
expression: "vec![1, 2, 3]"
---
- 1
- 2
- 3

